Archive member included because of file (symbol)

/home/mattia/.pebble-sdk/SDKs/current/sdk-core/pebble/aplite/lib/libpebble.a(tmp1DSiDppebble.o)
                              src/chebble.c.21.o (accel_data_service_unsubscribe)
/home/mattia/pebble-dev/pebble-sdk-4.2-linux64/arm-cs-tools/bin/../lib/gcc/arm-none-eabi/4.7.2/thumb2/libgcc.a(_arm_addsubdf3.o)
                              src/chebble.c.21.o (__aeabi_dadd)
/home/mattia/pebble-dev/pebble-sdk-4.2-linux64/arm-cs-tools/bin/../lib/gcc/arm-none-eabi/4.7.2/thumb2/libgcc.a(_arm_muldivdf3.o)
                              src/chebble.c.21.o (__aeabi_dmul)
/home/mattia/pebble-dev/pebble-sdk-4.2-linux64/arm-cs-tools/bin/../lib/gcc/arm-none-eabi/4.7.2/thumb2/libgcc.a(_arm_fixdfsi.o)
                              src/chebble.c.21.o (__aeabi_d2iz)

Allocating common symbols
Common symbol       size              file

textlayer           0x4               src/chebble.c.21.o
scroll              0x4               src/chebble.c.21.o

Discarded input sections

 .text          0x0000000000000000        0x0 /home/mattia/pebble-dev/pebble-sdk-4.2-linux64/arm-cs-tools/bin/../lib/gcc/arm-none-eabi/4.7.2/thumb2/crti.o
 .bss           0x0000000000000000        0x0 /home/mattia/pebble-dev/pebble-sdk-4.2-linux64/arm-cs-tools/bin/../lib/gcc/arm-none-eabi/4.7.2/thumb2/crti.o
 .init          0x0000000000000000        0x4 /home/mattia/pebble-dev/pebble-sdk-4.2-linux64/arm-cs-tools/bin/../lib/gcc/arm-none-eabi/4.7.2/thumb2/crti.o
 .fini          0x0000000000000000        0x4 /home/mattia/pebble-dev/pebble-sdk-4.2-linux64/arm-cs-tools/bin/../lib/gcc/arm-none-eabi/4.7.2/thumb2/crti.o
 .text          0x0000000000000000       0xc8 /home/mattia/pebble-dev/pebble-sdk-4.2-linux64/arm-cs-tools/bin/../lib/gcc/arm-none-eabi/4.7.2/thumb2/crtbegin.o
 .bss           0x0000000000000000       0x1c /home/mattia/pebble-dev/pebble-sdk-4.2-linux64/arm-cs-tools/bin/../lib/gcc/arm-none-eabi/4.7.2/thumb2/crtbegin.o
 .init_array    0x0000000000000000        0x4 /home/mattia/pebble-dev/pebble-sdk-4.2-linux64/arm-cs-tools/bin/../lib/gcc/arm-none-eabi/4.7.2/thumb2/crtbegin.o
 .fini_array    0x0000000000000000        0x4 /home/mattia/pebble-dev/pebble-sdk-4.2-linux64/arm-cs-tools/bin/../lib/gcc/arm-none-eabi/4.7.2/thumb2/crtbegin.o
 .eh_frame      0x0000000000000000        0x0 /home/mattia/pebble-dev/pebble-sdk-4.2-linux64/arm-cs-tools/bin/../lib/gcc/arm-none-eabi/4.7.2/thumb2/crtbegin.o
 .jcr           0x0000000000000000        0x0 /home/mattia/pebble-dev/pebble-sdk-4.2-linux64/arm-cs-tools/bin/../lib/gcc/arm-none-eabi/4.7.2/thumb2/crtbegin.o
 .tm_clone_table
                0x0000000000000000        0x0 /home/mattia/pebble-dev/pebble-sdk-4.2-linux64/arm-cs-tools/bin/../lib/gcc/arm-none-eabi/4.7.2/thumb2/crtbegin.o
 .text          0x0000000000000000        0x0 src/chebble.c.21.o
 .bss           0x0000000000000000        0x0 src/chebble.c.21.o
 .text          0x0000000000000000        0x0 aplite/appinfo.auto.c.21.o
 .bss           0x0000000000000000        0x0 aplite/appinfo.auto.c.21.o
 .bss           0x0000000000000000        0x0 /home/mattia/.pebble-sdk/SDKs/current/sdk-core/pebble/aplite/lib/libpebble.a(tmp1DSiDppebble.o)
 .text.accel_data_service_subscribe__deprecated
                0x0000000000000000        0xc /home/mattia/.pebble-sdk/SDKs/current/sdk-core/pebble/aplite/lib/libpebble.a(tmp1DSiDppebble.o)
 .text.accel_service_peek
                0x0000000000000000        0xc /home/mattia/.pebble-sdk/SDKs/current/sdk-core/pebble/aplite/lib/libpebble.a(tmp1DSiDppebble.o)
 .text.accel_service_set_samples_per_update
                0x0000000000000000        0xc /home/mattia/.pebble-sdk/SDKs/current/sdk-core/pebble/aplite/lib/libpebble.a(tmp1DSiDppebble.o)
 .text.accel_tap_service_unsubscribe
                0x0000000000000000        0xc /home/mattia/.pebble-sdk/SDKs/current/sdk-core/pebble/aplite/lib/libpebble.a(tmp1DSiDppebble.o)
 .text.action_bar_layer_legacy2_add_to_window
                0x0000000000000000        0xc /home/mattia/.pebble-sdk/SDKs/current/sdk-core/pebble/aplite/lib/libpebble.a(tmp1DSiDppebble.o)
 .text.action_bar_layer_legacy2_clear_icon
                0x0000000000000000        0xc /home/mattia/.pebble-sdk/SDKs/current/sdk-core/pebble/aplite/lib/libpebble.a(tmp1DSiDppebble.o)
 .text.action_bar_layer_legacy2_create
                0x0000000000000000        0xc /home/mattia/.pebble-sdk/SDKs/current/sdk-core/pebble/aplite/lib/libpebble.a(tmp1DSiDppebble.o)
 .text.action_bar_layer_legacy2_destroy
                0x0000000000000000        0xc /home/mattia/.pebble-sdk/SDKs/current/sdk-core/pebble/aplite/lib/libpebble.a(tmp1DSiDppebble.o)
 .text.action_bar_layer_legacy2_get_layer
                0x0000000000000000        0xc /home/mattia/.pebble-sdk/SDKs/current/sdk-core/pebble/aplite/lib/libpebble.a(tmp1DSiDppebble.o)
 .text.action_bar_layer_legacy2_remove_from_window
[...]
Memory Configuration

Name             Origin             Length             Attributes
APP              0x0000000000000000 0x0000000000006000 xrw
*default*        0x0000000000000000 0xffffffffffffffff

Linker script and memory map

LOAD /home/mattia/pebble-dev/pebble-sdk-4.2-linux64/arm-cs-tools/bin/../lib/gcc/arm-none-eabi/4.7.2/thumb2/crti.o
LOAD /home/mattia/pebble-dev/pebble-sdk-4.2-linux64/arm-cs-tools/bin/../lib/gcc/arm-none-eabi/4.7.2/thumb2/crtbegin.o
LOAD src/chebble.c.21.o
LOAD aplite/appinfo.auto.c.21.o
LOAD /home/mattia/.pebble-sdk/SDKs/current/sdk-core/pebble/aplite/lib/libpebble.a
START GROUP
LOAD /home/mattia/pebble-dev/pebble-sdk-4.2-linux64/arm-cs-tools/bin/../lib/gcc/arm-none-eabi/4.7.2/thumb2/libgcc.a
LOAD /home/mattia/pebble-dev/pebble-sdk-4.2-linux64/arm-cs-tools/bin/../lib/gcc/arm-none-eabi/4.7.2/../../../../arm-none-eabi/lib/thumb2/libc.a
END GROUP
LOAD /home/mattia/pebble-dev/pebble-sdk-4.2-linux64/arm-cs-tools/bin/../lib/gcc/arm-none-eabi/4.7.2/thumb2/crtend.o
LOAD /home/mattia/pebble-dev/pebble-sdk-4.2-linux64/arm-cs-tools/bin/../lib/gcc/arm-none-eabi/4.7.2/thumb2/crtn.o

.header         0x0000000000000000       0x82
 *(.pbl_header)
 .pbl_header    0x0000000000000000       0x82 aplite/appinfo.auto.c.21.o
                0x0000000000000000                __pbl_app_info

.note.gnu.build-id
                0x0000000000000082       0x26
                0x0000000000000082                PROVIDE (BUILD_ID, .)
 *(.note.gnu.build-id)
 *fill*         0x0000000000000082        0x2 
 .note.gnu.build-id
                0x0000000000000084       0x24 linker stubs

.text           0x00000000000000a8      0xef8
 *(.text)
 .text          0x00000000000000a8       0x14 /home/mattia/.pebble-sdk/SDKs/current/sdk-core/pebble/aplite/lib/libpebble.a(tmp1DSiDppebble.o)
 .text          0x00000000000000bc      0x370 /home/mattia/pebble-dev/pebble-sdk-4.2-linux64/arm-cs-tools/bin/../lib/gcc/arm-none-eabi/4.7.2/thumb2/libgcc.a(_arm_addsubdf3.o)
                0x00000000000000bc                __aeabi_drsub
                0x00000000000000c4                __aeabi_dsub
                0x00000000000000c4                __subdf3
                0x00000000000000c8                __adddf3
                0x00000000000000c8                __aeabi_dadd
                0x0000000000000340                __aeabi_ui2d
                0x0000000000000340                __floatunsidf
                0x0000000000000360                __floatsidf
                0x0000000000000360                __aeabi_i2d
                0x0000000000000384                __extendsfdf2
                0x0000000000000384                __aeabi_f2d
                0x00000000000003c0                __aeabi_ul2d
                0x00000000000003c0                __floatundidf
                0x00000000000003d0                __floatdidf
                0x00000000000003d0                __aeabi_l2d
 .text          0x000000000000042c      0x424 /home/mattia/pebble-dev/pebble-sdk-4.2-linux64/arm-cs-tools/bin/../lib/gcc/arm-none-eabi/4.7.2/thumb2/libgcc.a(_arm_muldivdf3.o)
                0x000000000000042c                __aeabi_dmul
                0x000000000000042c                __muldf3
                0x0000000000000680                __aeabi_ddiv
                0x0000000000000680                __divdf3
 .text          0x0000000000000850       0x50 /home/mattia/pebble-dev/pebble-sdk-4.2-linux64/arm-cs-tools/bin/../lib/gcc/arm-none-eabi/4.7.2/thumb2/libgcc.a(_arm_fixdfsi.o)
                0x0000000000000850                __fixdfsi
                0x0000000000000850                __aeabi_d2iz
 *(.text.*)
 .text.memo_unload
                0x00000000000008a0        0x4 src/chebble.c.21.o
                0x00000000000008a0                memo_unload
 .text.memo_load
                0x00000000000008a4       0xdc src/chebble.c.21.o
                0x00000000000008a4                memo_load
 .text.accel_data_handler
                0x0000000000000980       0xa0 src/chebble.c.21.o
                0x0000000000000980                accel_data_handler
 .text.unload_digit_image_from_slot.part.0
                0x0000000000000a20       0x44 src/chebble.c.21.o
 .text.display_value
                0x0000000000000a64      0x108 src/chebble.c.21.o
 .text.display_time
                0x0000000000000b6c       0x36 src/chebble.c.21.o
 .text.handle_minute_tick
                0x0000000000000ba2        0x4 src/chebble.c.21.o
 *fill*         0x0000000000000ba6        0x2 
 .text.msg_received
                0x0000000000000ba8       0x5c src/chebble.c.21.o
 .text.memo_view
                0x0000000000000c04       0x64 src/chebble.c.21.o
                0x0000000000000c04                memo_view
 .text.accel_tap
                0x0000000000000c68        0x4 src/chebble.c.21.o
 .text.startup.main
                0x0000000000000c6c       0x9c src/chebble.c.21.o
                0x0000000000000c6c                main
 .text.accel_data_service_unsubscribe
                0x0000000000000d08        0xc /home/mattia/.pebble-sdk/SDKs/current/sdk-core/pebble/aplite/lib/libpebble.a(tmp1DSiDppebble.o)
                0x0000000000000d08                accel_data_service_unsubscribe
 .text.accel_service_set_sampling_rate
                0x0000000000000d14        0xc /home/mattia/.pebble-sdk/SDKs/current/sdk-core/pebble/aplite/lib/libpebble.a(tmp1DSiDppebble.o)
                0x0000000000000d14                accel_service_set_sampling_rate
 .text.accel_tap_service_subscribe
                0x0000000000000d20        0xc /home/mattia/.pebble-sdk/SDKs/current/sdk-core/pebble/aplite/lib/libpebble.a(tmp1DSiDppebble.o)
                0x0000000000000d20                accel_tap_service_subscribe
 .text.app_event_loop
                0x0000000000000d2c        0xc /home/mattia/.pebble-sdk/SDKs/current/sdk-core/pebble/aplite/lib/libpebble.a(tmp1DSiDppebble.o)
                0x0000000000000d2c                app_event_loop
 .text.app_log  0x0000000000000d38        0xc /home/mattia/.pebble-sdk/SDKs/current/sdk-core/pebble/aplite/lib/libpebble.a(tmp1DSiDppebble.o)
                0x0000000000000d38                app_log
 .text.app_message_open
                0x0000000000000d44        0xc /home/mattia/.pebble-sdk/SDKs/current/sdk-core/pebble/aplite/lib/libpebble.a(tmp1DSiDppebble.o)
                0x0000000000000d44                app_message_open
 .text.bitmap_layer_create
                0x0000000000000d50        0xc /home/mattia/.pebble-sdk/SDKs/current/sdk-core/pebble/aplite/lib/libpebble.a(tmp1DSiDppebble.o)
                0x0000000000000d50                bitmap_layer_create
 .text.bitmap_layer_destroy
                0x0000000000000d5c        0xc /home/mattia/.pebble-sdk/SDKs/current/sdk-core/pebble/aplite/lib/libpebble.a(tmp1DSiDppebble.o)
                0x0000000000000d5c                bitmap_layer_destroy
 .text.bitmap_layer_get_layer
                0x0000000000000d68        0xc /home/mattia/.pebble-sdk/SDKs/current/sdk-core/pebble/aplite/lib/libpebble.a(tmp1DSiDppebble.o)
                0x0000000000000d68                bitmap_layer_get_layer
 .text.bitmap_layer_set_bitmap
                0x0000000000000d74        0xc /home/mattia/.pebble-sdk/SDKs/current/sdk-core/pebble/aplite/lib/libpebble.a(tmp1DSiDppebble.o)
                0x0000000000000d74                bitmap_layer_set_bitmap
 .text.clock_is_24h_style
                0x0000000000000d80        0xc /home/mattia/.pebble-sdk/SDKs/current/sdk-core/pebble/aplite/lib/libpebble.a(tmp1DSiDppebble.o)
                0x0000000000000d80                clock_is_24h_style
 .text.dict_find
                0x0000000000000d8c        0xc /home/mattia/.pebble-sdk/SDKs/current/sdk-core/pebble/aplite/lib/libpebble.a(tmp1DSiDppebble.o)
                0x0000000000000d8c                dict_find
 .text.fonts_get_system_font
                0x0000000000000d98        0xc /home/mattia/.pebble-sdk/SDKs/current/sdk-core/pebble/aplite/lib/libpebble.a(tmp1DSiDppebble.o)
                0x0000000000000d98                fonts_get_system_font
 .text.gbitmap_create_with_resource
                0x0000000000000da4        0xc /home/mattia/.pebble-sdk/SDKs/current/sdk-core/pebble/aplite/lib/libpebble.a(tmp1DSiDppebble.o)
                0x0000000000000da4                gbitmap_create_with_resource
 .text.gbitmap_destroy
                0x0000000000000db0        0xc /home/mattia/.pebble-sdk/SDKs/current/sdk-core/pebble/aplite/lib/libpebble.a(tmp1DSiDppebble.o)
                0x0000000000000db0                gbitmap_destroy
 .text.layer_add_child
                0x0000000000000dbc        0xc /home/mattia/.pebble-sdk/SDKs/current/sdk-core/pebble/aplite/lib/libpebble.a(tmp1DSiDppebble.o)
                0x0000000000000dbc                layer_add_child
 .text.layer_get_bounds
                0x0000000000000dc8        0xc /home/mattia/.pebble-sdk/SDKs/current/sdk-core/pebble/aplite/lib/libpebble.a(tmp1DSiDppebble.o)
                0x0000000000000dc8                layer_get_bounds
 .text.layer_remove_from_parent
                0x0000000000000dd4        0xc /home/mattia/.pebble-sdk/SDKs/current/sdk-core/pebble/aplite/lib/libpebble.a(tmp1DSiDppebble.o)
                0x0000000000000dd4                layer_remove_from_parent
 .text.memset   0x0000000000000de0        0xc /home/mattia/.pebble-sdk/SDKs/current/sdk-core/pebble/aplite/lib/libpebble.a(tmp1DSiDppebble.o)
                0x0000000000000de0                memset
 .text.scroll_layer_add_child
                0x0000000000000dec        0xc /home/mattia/.pebble-sdk/SDKs/current/sdk-core/pebble/aplite/lib/libpebble.a(tmp1DSiDppebble.o)
                0x0000000000000dec                scroll_layer_add_child
 .text.scroll_layer_create
                0x0000000000000df8        0xc /home/mattia/.pebble-sdk/SDKs/current/sdk-core/pebble/aplite/lib/libpebble.a(tmp1DSiDppebble.o)
                0x0000000000000df8                scroll_layer_create
 .text.scroll_layer_get_content_offset
                0x0000000000000e04        0xc /home/mattia/.pebble-sdk/SDKs/current/sdk-core/pebble/aplite/lib/libpebble.a(tmp1DSiDppebble.o)
                0x0000000000000e04                scroll_layer_get_content_offset
 .text.scroll_layer_get_layer
                0x0000000000000e10        0xc /home/mattia/.pebble-sdk/SDKs/current/sdk-core/pebble/aplite/lib/libpebble.a(tmp1DSiDppebble.o)
                0x0000000000000e10                scroll_layer_get_layer
 .text.scroll_layer_set_click_config_onto_window
                0x0000000000000e1c        0xc /home/mattia/.pebble-sdk/SDKs/current/sdk-core/pebble/aplite/lib/libpebble.a(tmp1DSiDppebble.o)
                0x0000000000000e1c                scroll_layer_set_click_config_onto_window
 .text.scroll_layer_set_content_offset
                0x0000000000000e28        0xc /home/mattia/.pebble-sdk/SDKs/current/sdk-core/pebble/aplite/lib/libpebble.a(tmp1DSiDppebble.o)
                0x0000000000000e28                scroll_layer_set_content_offset
 .text.scroll_layer_set_content_size
                0x0000000000000e34        0xc /home/mattia/.pebble-sdk/SDKs/current/sdk-core/pebble/aplite/lib/libpebble.a(tmp1DSiDppebble.o)
                0x0000000000000e34                scroll_layer_set_content_size
 .text.strcat   0x0000000000000e40        0xc /home/mattia/.pebble-sdk/SDKs/current/sdk-core/pebble/aplite/lib/libpebble.a(tmp1DSiDppebble.o)
                0x0000000000000e40                strcat
 .text.strcpy   0x0000000000000e4c        0xc /home/mattia/.pebble-sdk/SDKs/current/sdk-core/pebble/aplite/lib/libpebble.a(tmp1DSiDppebble.o)
                0x0000000000000e4c                strcpy
 .text.tick_timer_service_subscribe
                0x0000000000000e58        0xc /home/mattia/.pebble-sdk/SDKs/current/sdk-core/pebble/aplite/lib/libpebble.a(tmp1DSiDppebble.o)
                0x0000000000000e58                tick_timer_service_subscribe
 .text.vibes_short_pulse
                0x0000000000000e64        0xc /home/mattia/.pebble-sdk/SDKs/current/sdk-core/pebble/aplite/lib/libpebble.a(tmp1DSiDppebble.o)
                0x0000000000000e64                vibes_short_pulse
 .text.window_create
                0x0000000000000e70        0xc /home/mattia/.pebble-sdk/SDKs/current/sdk-core/pebble/aplite/lib/libpebble.a(tmp1DSiDppebble.o)
                0x0000000000000e70                window_create
 .text.window_destroy
                0x0000000000000e7c        0xc /home/mattia/.pebble-sdk/SDKs/current/sdk-core/pebble/aplite/lib/libpebble.a(tmp1DSiDppebble.o)
                0x0000000000000e7c                window_destroy
 .text.window_get_root_layer
                0x0000000000000e88        0xc /home/mattia/.pebble-sdk/SDKs/current/sdk-core/pebble/aplite/lib/libpebble.a(tmp1DSiDppebble.o)
                0x0000000000000e88                window_get_root_layer
 .text.window_set_window_handlers
                0x0000000000000e94        0xc /home/mattia/.pebble-sdk/SDKs/current/sdk-core/pebble/aplite/lib/libpebble.a(tmp1DSiDppebble.o)
                0x0000000000000e94                window_set_window_handlers
 .text.window_stack_pop
                0x0000000000000ea0        0xc /home/mattia/.pebble-sdk/SDKs/current/sdk-core/pebble/aplite/lib/libpebble.a(tmp1DSiDppebble.o)
                0x0000000000000ea0                window_stack_pop
 .text.window_stack_push
                0x0000000000000eac        0xc /home/mattia/.pebble-sdk/SDKs/current/sdk-core/pebble/aplite/lib/libpebble.a(tmp1DSiDppebble.o)
                0x0000000000000eac                window_stack_push
 .text.app_message_register_inbox_received
                0x0000000000000eb8        0xc /home/mattia/.pebble-sdk/SDKs/current/sdk-core/pebble/aplite/lib/libpebble.a(tmp1DSiDppebble.o)
                0x0000000000000eb8                app_message_register_inbox_received
 .text.accel_data_service_subscribe
                0x0000000000000ec4        0xc /home/mattia/.pebble-sdk/SDKs/current/sdk-core/pebble/aplite/lib/libpebble.a(tmp1DSiDppebble.o)
                0x0000000000000ec4                accel_data_service_subscribe
 .text.window_set_background_color
                0x0000000000000ed0        0xc /home/mattia/.pebble-sdk/SDKs/current/sdk-core/pebble/aplite/lib/libpebble.a(tmp1DSiDppebble.o)
                0x0000000000000ed0                window_set_background_color
 .text.localtime
                0x0000000000000edc        0xc /home/mattia/.pebble-sdk/SDKs/current/sdk-core/pebble/aplite/lib/libpebble.a(tmp1DSiDppebble.o)
                0x0000000000000edc                localtime
 .text.gbitmap_get_bounds
                0x0000000000000ee8        0xc /home/mattia/.pebble-sdk/SDKs/current/sdk-core/pebble/aplite/lib/libpebble.a(tmp1DSiDppebble.o)
                0x0000000000000ee8                gbitmap_get_bounds
 .text.text_layer_create
                0x0000000000000ef4        0xc /home/mattia/.pebble-sdk/SDKs/current/sdk-core/pebble/aplite/lib/libpebble.a(tmp1DSiDppebble.o)
                0x0000000000000ef4                text_layer_create
 .text.text_layer_get_content_size
                0x0000000000000f00        0xc /home/mattia/.pebble-sdk/SDKs/current/sdk-core/pebble/aplite/lib/libpebble.a(tmp1DSiDppebble.o)
                0x0000000000000f00                text_layer_get_content_size
 .text.text_layer_get_layer
                0x0000000000000f0c        0xc /home/mattia/.pebble-sdk/SDKs/current/sdk-core/pebble/aplite/lib/libpebble.a(tmp1DSiDppebble.o)
                0x0000000000000f0c                text_layer_get_layer
 .text.text_layer_set_font
                0x0000000000000f18        0xc /home/mattia/.pebble-sdk/SDKs/current/sdk-core/pebble/aplite/lib/libpebble.a(tmp1DSiDppebble.o)
                0x0000000000000f18                text_layer_set_font
 .text.text_layer_set_text
                0x0000000000000f24        0xc /home/mattia/.pebble-sdk/SDKs/current/sdk-core/pebble/aplite/lib/libpebble.a(tmp1DSiDppebble.o)
                0x0000000000000f24                text_layer_set_text
 .text.time     0x0000000000000f30        0xc /home/mattia/.pebble-sdk/SDKs/current/sdk-core/pebble/aplite/lib/libpebble.a(tmp1DSiDppebble.o)
                0x0000000000000f30                time
 *(.rodata)
 .rodata        0x0000000000000f3c        0x8 src/chebble.c.21.o
 *(.rodata*)
 .rodata.str1.1
                0x0000000000000f44       0x34 src/chebble.c.21.o
                                         0x35 (size before relaxing)
 .rodata.IMAGE_RESOURCE_IDS
                0x0000000000000f78       0x28 src/chebble.c.21.o
                0x0000000000000f78                IMAGE_RESOURCE_IDS

.glue_7         0x0000000000000fa0        0x0
 .glue_7        0x0000000000000000        0x0 linker stubs

.glue_7t        0x0000000000000fa0        0x0
 .glue_7t       0x0000000000000000        0x0 linker stubs

.vfp11_veneer   0x0000000000000fa0        0x0
 .vfp11_veneer  0x0000000000000000        0x0 linker stubs

.v4_bx          0x0000000000000fa0        0x0
 .v4_bx         0x0000000000000000        0x0 linker stubs

.iplt           0x0000000000000fa0        0x0
 .iplt          0x0000000000000000        0x0 /home/mattia/pebble-dev/pebble-sdk-4.2-linux64/arm-cs-tools/bin/../lib/gcc/arm-none-eabi/4.7.2/thumb2/crtbegin.o

.rel.dyn        0x0000000000000fa0        0x0
 .rel.iplt      0x0000000000000000        0x0 /home/mattia/pebble-dev/pebble-sdk-4.2-linux64/arm-cs-tools/bin/../lib/gcc/arm-none-eabi/4.7.2/thumb2/crtbegin.o
 .rel.got       0x0000000000000000        0x0 /home/mattia/pebble-dev/pebble-sdk-4.2-linux64/arm-cs-tools/bin/../lib/gcc/arm-none-eabi/4.7.2/thumb2/crtbegin.o

.data           0x0000000000000fa0      0x7e4
 *(.data)
 .data          0x0000000000000fa0        0x0 /home/mattia/pebble-dev/pebble-sdk-4.2-linux64/arm-cs-tools/bin/../lib/gcc/arm-none-eabi/4.7.2/thumb2/crti.o
 .data          0x0000000000000fa0        0x4 /home/mattia/pebble-dev/pebble-sdk-4.2-linux64/arm-cs-tools/bin/../lib/gcc/arm-none-eabi/4.7.2/thumb2/crtbegin.o
                0x0000000000000fa0                __dso_handle
 .data          0x0000000000000fa4        0x0 src/chebble.c.21.o
 .data          0x0000000000000fa4        0x0 aplite/appinfo.auto.c.21.o
 .data          0x0000000000000fa4        0x0 /home/mattia/.pebble-sdk/SDKs/current/sdk-core/pebble/aplite/lib/libpebble.a(tmp1DSiDppebble.o)
 .data          0x0000000000000fa4        0x0 /home/mattia/pebble-dev/pebble-sdk-4.2-linux64/arm-cs-tools/bin/../lib/gcc/arm-none-eabi/4.7.2/thumb2/libgcc.a(_arm_addsubdf3.o)
 .data          0x0000000000000fa4        0x0 /home/mattia/pebble-dev/pebble-sdk-4.2-linux64/arm-cs-tools/bin/../lib/gcc/arm-none-eabi/4.7.2/thumb2/libgcc.a(_arm_muldivdf3.o)
 .data          0x0000000000000fa4        0x0 /home/mattia/pebble-dev/pebble-sdk-4.2-linux64/arm-cs-tools/bin/../lib/gcc/arm-none-eabi/4.7.2/thumb2/libgcc.a(_arm_fixdfsi.o)
 .data          0x0000000000000fa4        0x0 /home/mattia/pebble-dev/pebble-sdk-4.2-linux64/arm-cs-tools/bin/../lib/gcc/arm-none-eabi/4.7.2/thumb2/crtend.o
 .data          0x0000000000000fa4        0x0 /home/mattia/pebble-dev/pebble-sdk-4.2-linux64/arm-cs-tools/bin/../lib/gcc/arm-none-eabi/4.7.2/thumb2/crtn.o
 *(.data.*)
 .data.image_slot_state
                0x0000000000000fa4       0x10 src/chebble.c.21.o
 .data.text     0x0000000000000fb4      0x7d0 src/chebble.c.21.o
                0x0000000000000fb4                text

.igot.plt       0x0000000000001784        0x0
 .igot.plt      0x0000000000000000        0x0 /home/mattia/pebble-dev/pebble-sdk-4.2-linux64/arm-cs-tools/bin/../lib/gcc/arm-none-eabi/4.7.2/thumb2/crtbegin.o

.got            0x0000000000001784        0x8
 .got           0x0000000000001784        0x8 /home/mattia/pebble-dev/pebble-sdk-4.2-linux64/arm-cs-tools/bin/../lib/gcc/arm-none-eabi/4.7.2/thumb2/crtbegin.o

.got.plt        0x000000000000178c        0xc
 .got.plt       0x000000000000178c        0xc /home/mattia/pebble-dev/pebble-sdk-4.2-linux64/arm-cs-tools/bin/../lib/gcc/arm-none-eabi/4.7.2/thumb2/crtbegin.o
                0x000000000000178c                _GLOBAL_OFFSET_TABLE_

.bss            0x0000000000001798       0x30
 *(.bss)
 *(.bss.*)
 .bss.images    0x0000000000001798       0x10 src/chebble.c.21.o
 .bss.memo      0x00000000000017a8        0x1 src/chebble.c.21.o
                0x00000000000017a8                memo
 *fill*         0x00000000000017a9        0x3 
 .bss.image_layers
                0x00000000000017ac       0x10 src/chebble.c.21.o
 .bss.window    0x00000000000017bc        0x4 src/chebble.c.21.o
 COMMON         0x00000000000017c0        0x8 src/chebble.c.21.o
                0x00000000000017c0                textlayer
                0x00000000000017c4                scroll

DISCARD
 libc.a(*)
 libm.a(*)
 libgcc.a(*)
 *(.eh_frame)
OUTPUT(/home/mattia/Documenti/Memoface/build/aplite/pebble-app.elf elf32-littlearm)

.ARM.attributes
                0x0000000000000000       0x27
 .ARM.attributes
                0x0000000000000000       0x19 /home/mattia/pebble-dev/pebble-sdk-4.2-linux64/arm-cs-tools/bin/../lib/gcc/arm-none-eabi/4.7.2/thumb2/crti.o
 .ARM.attributes
                0x0000000000000019       0x29 /home/mattia/pebble-dev/pebble-sdk-4.2-linux64/arm-cs-tools/bin/../lib/gcc/arm-none-eabi/4.7.2/thumb2/crtbegin.o
 .ARM.attributes
                0x0000000000000042       0x33 src/chebble.c.21.o
 .ARM.attributes
                0x0000000000000075       0x33 aplite/appinfo.auto.c.21.o
 .ARM.attributes
                0x00000000000000a8       0x21 /home/mattia/.pebble-sdk/SDKs/current/sdk-core/pebble/aplite/lib/libpebble.a(tmp1DSiDppebble.o)
 .ARM.attributes
                0x00000000000000c9       0x19 /home/mattia/pebble-dev/pebble-sdk-4.2-linux64/arm-cs-tools/bin/../lib/gcc/arm-none-eabi/4.7.2/thumb2/libgcc.a(_arm_addsubdf3.o)
 .ARM.attributes
                0x00000000000000e2       0x19 /home/mattia/pebble-dev/pebble-sdk-4.2-linux64/arm-cs-tools/bin/../lib/gcc/arm-none-eabi/4.7.2/thumb2/libgcc.a(_arm_muldivdf3.o)
 .ARM.attributes
                0x00000000000000fb       0x19 /home/mattia/pebble-dev/pebble-sdk-4.2-linux64/arm-cs-tools/bin/../lib/gcc/arm-none-eabi/4.7.2/thumb2/libgcc.a(_arm_fixdfsi.o)
 .ARM.attributes
                0x0000000000000114       0x29 /home/mattia/pebble-dev/pebble-sdk-4.2-linux64/arm-cs-tools/bin/../lib/gcc/arm-none-eabi/4.7.2/thumb2/crtend.o
 .ARM.attributes
                0x000000000000013d       0x19 /home/mattia/pebble-dev/pebble-sdk-4.2-linux64/arm-cs-tools/bin/../lib/gcc/arm-none-eabi/4.7.2/thumb2/crtn.o

.comment        0x0000000000000000       0x4e
 .comment       0x0000000000000000       0x4e /home/mattia/pebble-dev/pebble-sdk-4.2-linux64/arm-cs-tools/bin/../lib/gcc/arm-none-eabi/4.7.2/thumb2/crtbegin.o
                                         0x4f (size before relaxing)
 .comment       0x0000000000000000       0x4f src/chebble.c.21.o
 .comment       0x0000000000000000       0x4f aplite/appinfo.auto.c.21.o
 .comment       0x0000000000000000       0x4f /home/mattia/pebble-dev/pebble-sdk-4.2-linux64/arm-cs-tools/bin/../lib/gcc/arm-none-eabi/4.7.2/thumb2/crtend.o

.debug_info     0x0000000000000000     0x1c0e
 .debug_info    0x0000000000000000     0x1679 src/chebble.c.21.o
 .debug_info    0x0000000000001679      0x370 aplite/appinfo.auto.c.21.o
 .debug_info    0x00000000000019e9       0xb7 /home/mattia/pebble-dev/pebble-sdk-4.2-linux64/arm-cs-tools/bin/../lib/gcc/arm-none-eabi/4.7.2/thumb2/libgcc.a(_arm_addsubdf3.o)
 .debug_info    0x0000000000001aa0       0xb7 /home/mattia/pebble-dev/pebble-sdk-4.2-linux64/arm-cs-tools/bin/../lib/gcc/arm-none-eabi/4.7.2/thumb2/libgcc.a(_arm_muldivdf3.o)
 .debug_info    0x0000000000001b57       0xb7 /home/mattia/pebble-dev/pebble-sdk-4.2-linux64/arm-cs-tools/bin/../lib/gcc/arm-none-eabi/4.7.2/thumb2/libgcc.a(_arm_fixdfsi.o)

.debug_abbrev   0x0000000000000000      0x504
 .debug_abbrev  0x0000000000000000      0x42a src/chebble.c.21.o
 .debug_abbrev  0x000000000000042a       0x9e aplite/appinfo.auto.c.21.o
 .debug_abbrev  0x00000000000004c8       0x14 /home/mattia/pebble-dev/pebble-sdk-4.2-linux64/arm-cs-tools/bin/../lib/gcc/arm-none-eabi/4.7.2/thumb2/libgcc.a(_arm_addsubdf3.o)
 .debug_abbrev  0x00000000000004dc       0x14 /home/mattia/pebble-dev/pebble-sdk-4.2-linux64/arm-cs-tools/bin/../lib/gcc/arm-none-eabi/4.7.2/thumb2/libgcc.a(_arm_muldivdf3.o)
 .debug_abbrev  0x00000000000004f0       0x14 /home/mattia/pebble-dev/pebble-sdk-4.2-linux64/arm-cs-tools/bin/../lib/gcc/arm-none-eabi/4.7.2/thumb2/libgcc.a(_arm_fixdfsi.o)

.debug_loc      0x0000000000000000      0x54f
 .debug_loc     0x0000000000000000      0x54f src/chebble.c.21.o

.debug_aranges  0x0000000000000000       0xe8
 .debug_aranges
                0x0000000000000000       0x70 src/chebble.c.21.o
 .debug_aranges
                0x0000000000000070       0x18 aplite/appinfo.auto.c.21.o
 .debug_aranges
                0x0000000000000088       0x20 /home/mattia/pebble-dev/pebble-sdk-4.2-linux64/arm-cs-tools/bin/../lib/gcc/arm-none-eabi/4.7.2/thumb2/libgcc.a(_arm_addsubdf3.o)
 .debug_aranges
                0x00000000000000a8       0x20 /home/mattia/pebble-dev/pebble-sdk-4.2-linux64/arm-cs-tools/bin/../lib/gcc/arm-none-eabi/4.7.2/thumb2/libgcc.a(_arm_muldivdf3.o)
 .debug_aranges
                0x00000000000000c8       0x20 /home/mattia/pebble-dev/pebble-sdk-4.2-linux64/arm-cs-tools/bin/../lib/gcc/arm-none-eabi/4.7.2/thumb2/libgcc.a(_arm_fixdfsi.o)

.debug_ranges   0x0000000000000000      0x208
 .debug_ranges  0x0000000000000000      0x208 src/chebble.c.21.o

.debug_line     0x0000000000000000      0x99d
 .debug_line    0x0000000000000000      0x3a4 src/chebble.c.21.o
 .debug_line    0x00000000000003a4      0x143 aplite/appinfo.auto.c.21.o
 .debug_line    0x00000000000004e7      0x20a /home/mattia/pebble-dev/pebble-sdk-4.2-linux64/arm-cs-tools/bin/../lib/gcc/arm-none-eabi/4.7.2/thumb2/libgcc.a(_arm_addsubdf3.o)
 .debug_line    0x00000000000006f1      0x226 /home/mattia/pebble-dev/pebble-sdk-4.2-linux64/arm-cs-tools/bin/../lib/gcc/arm-none-eabi/4.7.2/thumb2/libgcc.a(_arm_muldivdf3.o)
 .debug_line    0x0000000000000917       0x86 /home/mattia/pebble-dev/pebble-sdk-4.2-linux64/arm-cs-tools/bin/../lib/gcc/arm-none-eabi/4.7.2/thumb2/libgcc.a(_arm_fixdfsi.o)

.debug_str      0x0000000000000000      0xe85
 .debug_str     0x0000000000000000      0xc73 src/chebble.c.21.o
                                        0xd4f (size before relaxing)
 .debug_str     0x0000000000000c73      0x212 aplite/appinfo.auto.c.21.o
                                        0x43a (size before relaxing)

.debug_frame    0x0000000000000000      0x13c
 .debug_frame   0x0000000000000000      0x13c src/chebble.c.21.o
